** Drc report for upper_lc_board.kicad_pcb **
** Created on 2025-12-19T14:14:19-0500 **

** Found 244 DRC violations **
[via_dangling]: Via is not connected or connected on only one layer
    Local override; warning
    @(110.2400 mm, 118.3700 mm): Via [GND] on F.Cu - B.Cu
[via_dangling]: Via is not connected or connected on only one layer
    Local override; warning
    @(130.7800 mm, 125.5300 mm): Via [GND] on F.Cu - B.Cu
[track_dangling]: Track has unconnected end
    Local override; warning
    @(138.5725 mm, 115.1200 mm): Track [+3V3] on F.Cu, length 0.0566 mm
[via_dangling]: Via is not connected or connected on only one layer
    Local override; warning
    @(127.4000 mm, 114.7100 mm): Via [+3V3] on F.Cu - B.Cu
[via_dangling]: Via is not connected or connected on only one layer
    Local override; warning
    @(110.2100 mm, 122.4600 mm): Via [GND] on F.Cu - B.Cu
[via_dangling]: Via is not connected or connected on only one layer
    Local override; warning
    @(110.2100 mm, 122.4600 mm): Via [GND] on F.Cu - B.Cu
[track_dangling]: Track has unconnected end
    Local override; warning
    @(110.5600 mm, 125.1200 mm): Track [+3V3] on F.Cu, length 0.0849 mm
[track_dangling]: Track has unconnected end
    Local override; warning
    @(121.5900 mm, 85.4400 mm): Track [GND] on F.Cu, length 4.5000 mm
[via_dangling]: Via is not connected or connected on only one layer
    Local override; warning
    @(146.8500 mm, 77.4900 mm): Via [GND] on F.Cu - B.Cu
[via_dangling]: Via is not connected or connected on only one layer
    Local override; warning
    @(113.1500 mm, 123.5600 mm): Via [GND] on F.Cu - B.Cu
[via_dangling]: Via is not connected or connected on only one layer
    Local override; warning
    @(147.5200 mm, 104.0500 mm): Via [GND] on F.Cu - B.Cu
[via_dangling]: Via is not connected or connected on only one layer
    Local override; warning
    @(132.0000 mm, 71.0000 mm): Via [GND] on F.Cu - B.Cu
[via_dangling]: Via is not connected or connected on only one layer
    Local override; warning
    @(133.0000 mm, 71.5000 mm): Via [GND] on F.Cu - B.Cu
[via_dangling]: Via is not connected or connected on only one layer
    Local override; warning
    @(109.5600 mm, 77.6500 mm): Via [GND] on F.Cu - B.Cu
[via_dangling]: Via is not connected or connected on only one layer
    Local override; warning
    @(121.4900 mm, 73.8200 mm): Via [GND] on F.Cu - B.Cu
[via_dangling]: Via is not connected or connected on only one layer
    Local override; warning
    @(152.5000 mm, 74.5000 mm): Via [GND] on F.Cu - B.Cu
[via_dangling]: Via is not connected or connected on only one layer
    Local override; warning
    @(146.4100 mm, 102.5000 mm): Via [GND] on F.Cu - B.Cu
[via_dangling]: Via is not connected or connected on only one layer
    Local override; warning
    @(154.5000 mm, 88.5000 mm): Via [GND] on F.Cu - B.Cu
[via_dangling]: Via is not connected or connected on only one layer
    Local override; warning
    @(106.0500 mm, 120.4100 mm): Via [GND] on F.Cu - B.Cu
[via_dangling]: Via is not connected or connected on only one layer
    Local override; warning
    @(112.0600 mm, 90.9625 mm): Via [GND] on F.Cu - B.Cu
[via_dangling]: Via is not connected or connected on only one layer
    Local override; warning
    @(112.2575 mm, 101.8675 mm): Via [GND] on F.Cu - B.Cu
[via_dangling]: Via is not connected or connected on only one layer
    Local override; warning
    @(111.0900 mm, 85.4400 mm): Via [GND] on F.Cu - B.Cu
[via_dangling]: Via is not connected or connected on only one layer
    Local override; warning
    @(137.7500 mm, 70.7500 mm): Via [GND] on F.Cu - B.Cu
[via_dangling]: Via is not connected or connected on only one layer
    Local override; warning
    @(151.0000 mm, 101.0000 mm): Via [GND] on F.Cu - B.Cu
[via_dangling]: Via is not connected or connected on only one layer
    Local override; warning
    @(153.7200 mm, 95.5400 mm): Via [GND] on F.Cu - B.Cu
[via_dangling]: Via is not connected or connected on only one layer
    Local override; warning
    @(142.0300 mm, 103.9600 mm): Via [GND] on F.Cu - B.Cu
[via_dangling]: Via is not connected or connected on only one layer
    Local override; warning
    @(136.3300 mm, 80.2600 mm): Via [GND] on F.Cu - B.Cu
[via_dangling]: Via is not connected or connected on only one layer
    Local override; warning
    @(134.7300 mm, 112.4900 mm): Via [GND] on F.Cu - B.Cu
[via_dangling]: Via is not connected or connected on only one layer
    Local override; warning
    @(151.5000 mm, 85.0000 mm): Via [GND] on F.Cu - B.Cu
[via_dangling]: Via is not connected or connected on only one layer
    Local override; warning
    @(105.2900 mm, 114.3500 mm): Via [GND] on F.Cu - B.Cu
[via_dangling]: Via is not connected or connected on only one layer
    Local override; warning
    @(126.3200 mm, 79.6350 mm): Via [GND] on F.Cu - B.Cu
[via_dangling]: Via is not connected or connected on only one layer
    Local override; warning
    @(132.5000 mm, 95.3100 mm): Via [GND] on F.Cu - B.Cu
[via_dangling]: Via is not connected or connected on only one layer
    Local override; warning
    @(136.5600 mm, 112.4500 mm): Via [GND] on F.Cu - B.Cu
[via_dangling]: Via is not connected or connected on only one layer
    Local override; warning
    @(120.3200 mm, 99.0400 mm): Via [GND] on F.Cu - B.Cu
[via_dangling]: Via is not connected or connected on only one layer
    Local override; warning
    @(112.0000 mm, 96.6000 mm): Via [GND] on F.Cu - B.Cu
[via_dangling]: Via is not connected or connected on only one layer
    Local override; warning
    @(135.8500 mm, 95.3100 mm): Via [GND] on F.Cu - B.Cu
[via_dangling]: Via is not connected or connected on only one layer
    Local override; warning
    @(134.0100 mm, 100.0000 mm): Via [GND] on F.Cu - B.Cu
[via_dangling]: Via is not connected or connected on only one layer
    Local override; warning
    @(151.3400 mm, 93.0500 mm): Via [GND] on F.Cu - B.Cu
[via_dangling]: Via is not connected or connected on only one layer
    Local override; warning
    @(140.1150 mm, 121.8400 mm): Via [GND] on F.Cu - B.Cu
[via_dangling]: Via is not connected or connected on only one layer
    Local override; warning
    @(147.1200 mm, 105.3400 mm): Via [GND] on F.Cu - B.Cu
[via_dangling]: Via is not connected or connected on only one layer
    Local override; warning
    @(105.6700 mm, 109.7900 mm): Via [GND] on F.Cu - B.Cu
[via_dangling]: Via is not connected or connected on only one layer
    Local override; warning
    @(141.3200 mm, 106.0100 mm): Via [GND] on F.Cu - B.Cu
[via_dangling]: Via is not connected or connected on only one layer
    Local override; warning
    @(115.5900 mm, 85.4400 mm): Via [GND] on F.Cu - B.Cu
[via_dangling]: Via is not connected or connected on only one layer
    Local override; warning
    @(132.3600 mm, 108.6800 mm): Via [GND] on F.Cu - B.Cu
[via_dangling]: Via is not connected or connected on only one layer
    Local override; warning
    @(120.0900 mm, 85.4400 mm): Via [GND] on F.Cu - B.Cu
[via_dangling]: Via is not connected or connected on only one layer
    Local override; warning
    @(131.5000 mm, 121.2500 mm): Via [GND] on F.Cu - B.Cu
[via_dangling]: Via is not connected or connected on only one layer
    Local override; warning
    @(126.5450 mm, 71.5000 mm): Via [GND] on F.Cu - B.Cu
[via_dangling]: Via is not connected or connected on only one layer
    Local override; warning
    @(123.3800 mm, 73.8300 mm): Via [GND] on F.Cu - B.Cu
[via_dangling]: Via is not connected or connected on only one layer
    Local override; warning
    @(135.0500 mm, 80.2600 mm): Via [GND] on F.Cu - B.Cu
[via_dangling]: Via is not connected or connected on only one layer
    Local override; warning
    @(133.7212 mm, 116.9912 mm): Via [GND] on F.Cu - B.Cu
[via_dangling]: Via is not connected or connected on only one layer
    Local override; warning
    @(141.2100 mm, 80.6000 mm): Via [GND] on F.Cu - B.Cu
[via_dangling]: Via is not connected or connected on only one layer
    Local override; warning
    @(111.2200 mm, 95.3900 mm): Via [GND] on F.Cu - B.Cu
[via_dangling]: Via is not connected or connected on only one layer
    Local override; warning
    @(125.3100 mm, 79.6350 mm): Via [GND] on F.Cu - B.Cu
[via_dangling]: Via is not connected or connected on only one layer
    Local override; warning
    @(132.4150 mm, 92.9150 mm): Via [GND] on F.Cu - B.Cu
[via_dangling]: Via is not connected or connected on only one layer
    Local override; warning
    @(141.4900 mm, 110.7800 mm): Via [GND] on F.Cu - B.Cu
[via_dangling]: Via is not connected or connected on only one layer
    Local override; warning
    @(111.4000 mm, 74.6600 mm): Via [GND] on F.Cu - B.Cu
[via_dangling]: Via is not connected or connected on only one layer
    Local override; warning
    @(130.5000 mm, 71.0000 mm): Via [GND] on F.Cu - B.Cu
[via_dangling]: Via is not connected or connected on only one layer
    Local override; warning
    @(107.6300 mm, 69.6200 mm): Via [GND] on F.Cu - B.Cu
[via_dangling]: Via is not connected or connected on only one layer
    Local override; warning
    @(144.3200 mm, 115.4500 mm): Via [GND] on F.Cu - B.Cu
[via_dangling]: Via is not connected or connected on only one layer
    Local override; warning
    @(122.5300 mm, 73.8000 mm): Via [GND] on F.Cu - B.Cu
[via_dangling]: Via is not connected or connected on only one layer
    Local override; warning
    @(128.6900 mm, 99.4000 mm): Via [GND] on F.Cu - B.Cu
[via_dangling]: Via is not connected or connected on only one layer
    Local override; warning
    @(124.5900 mm, 85.4400 mm): Via [GND] on F.Cu - B.Cu
[via_dangling]: Via is not connected or connected on only one layer
    Local override; warning
    @(152.0000 mm, 100.0000 mm): Via [GND] on F.Cu - B.Cu
[via_dangling]: Via is not connected or connected on only one layer
    Local override; warning
    @(138.0500 mm, 99.5500 mm): Via [GND] on F.Cu - B.Cu
[via_dangling]: Via is not connected or connected on only one layer
    Local override; warning
    @(134.7500 mm, 72.2500 mm): Via [GND] on F.Cu - B.Cu
[via_dangling]: Via is not connected or connected on only one layer
    Local override; warning
    @(129.2400 mm, 97.7300 mm): Via [GND] on F.Cu - B.Cu
[via_dangling]: Via is not connected or connected on only one layer
    Local override; warning
    @(142.9300 mm, 110.9800 mm): Via [GND] on F.Cu - B.Cu
[via_dangling]: Via is not connected or connected on only one layer
    Local override; warning
    @(120.9400 mm, 94.4800 mm): Via [GND] on F.Cu - B.Cu
[track_dangling]: Track has unconnected end
    Local override; warning
    @(135.4500 mm, 84.3900 mm): Track [+3V3] on B.Cu, length 0.0141 mm
[track_dangling]: Track has unconnected end
    Local override; warning
    @(153.5000 mm, 107.5000 mm): Track [+24V] on B.Cu, length 1.2600 mm
[track_dangling]: Track has unconnected end
    Local override; warning
    @(105.0000 mm, 82.2071 mm): Track [Net-(D16-A)] on F.Cu, length 0.2929 mm
[track_dangling]: Track has unconnected end
    Local override; warning
    @(117.5300 mm, 96.0900 mm): Track [GPIO_9] on B.Cu, length 0.7400 mm
[track_dangling]: Track has unconnected end
    Local override; warning
    @(110.5000 mm, 115.9600 mm): Track [GPIO_40] on B.Cu, length 1.2200 mm
[track_dangling]: Track has unconnected end
    Local override; warning
    @(150.0000 mm, 83.2800 mm): Track [+24V_BP] on B.Cu, length 3.2800 mm
[track_dangling]: Track has unconnected end
    Local override; warning
    @(109.7600 mm, 111.6800 mm): Track [GPIO_38] on B.Cu, length 2.5597 mm
[via_dangling]: Via is not connected or connected on only one layer
    Local override; warning
    @(139.7300 mm, 115.0600 mm): Via [GND] on F.Cu - B.Cu
[clearance]: Clearance violation (netclass 'Default' clearance 0.2000 mm; actual 0.1967 mm)
    Rule: netclass 'Default'; error
    @(130.3000 mm, 99.3000 mm): Track [+3V3] on B.Cu, length 3.4500 mm
    @(134.0100 mm, 100.0000 mm): Via [GND] on F.Cu - B.Cu
[clearance]: Clearance violation (netclass 'Default' clearance 0.2000 mm; actual 0.0350 mm)
    Rule: netclass 'Default'; error
    @(110.1900 mm, 105.0200 mm): Via [/ESP Breakout Cirucitry/GPIO_21] on F.Cu - B.Cu
    @(110.6750 mm, 109.4600 mm): Track [/ESP Breakout Cirucitry/GPIO_35] on F.Cu, length 8.1450 mm
[clearance]: Clearance violation (netclass 'Default' clearance 0.2000 mm; actual 0.0300 mm)
    Rule: netclass 'Default'; error
    @(110.1900 mm, 105.0200 mm): Via [/ESP Breakout Cirucitry/GPIO_21] on F.Cu - B.Cu
    @(109.7600 mm, 91.0700 mm): Track [GPIO_38] on B.Cu, length 20.6100 mm
[clearance]: Clearance violation (netclass 'Default' clearance 0.2000 mm; actual 0.1862 mm)
    Rule: netclass 'Default'; error
    @(119.3300 mm, 100.3143 mm): Track [/ESP Breakout Cirucitry/GPIO_17] on B.Cu, length 10.5857 mm
    @(119.9300 mm, 105.1800 mm): Via [GPIO_13] on F.Cu - B.Cu
[clearance]: Clearance violation (netclass 'Default' clearance 0.2000 mm; actual 0.1500 mm)
    Rule: netclass 'Default'; error
    @(116.9200 mm, 92.6190 mm): Track [+3V3] on F.Cu, length 0.8296 mm
    @(116.3200 mm, 93.2000 mm): Via [GPIO_10] on F.Cu - B.Cu
[clearance]: Clearance violation (netclass 'Default' clearance 0.2000 mm; actual 0.1000 mm)
    Rule: netclass 'Default'; error
    @(151.0000 mm, 108.2600 mm): Track [SOL2_RET] on B.Cu, length 2.2400 mm
    @(150.1500 mm, 102.9107 mm): Track [+24V] on B.Cu, length 5.4893 mm
[clearance]: Clearance violation (netclass 'Default' clearance 0.2000 mm; actual 0.1010 mm)
    Rule: netclass 'Default'; error
    @(107.3800 mm, 100.8700 mm): Track [+5V] on F.Cu, length 2.6900 mm
    @(110.6750 mm, 101.3150 mm): Track [/ESP Breakout Cirucitry/GPIO_35] on F.Cu, length 0.7707 mm
[clearance]: Clearance violation (netclass 'Default' clearance 0.2000 mm; actual 0.1800 mm)
    Rule: netclass 'Default'; error
    @(142.5700 mm, 117.5514 mm): Track [5V_USB] on F.Cu, length 2.1763 mm
    @(143.1700 mm, 117.2100 mm): Pad 1 [Net-(J8-CC2)] of R49 on F.Cu
[clearance]: Clearance violation (netclass 'Default' clearance 0.2000 mm; actual 0.0986 mm)
    Rule: netclass 'Default'; error
    @(138.3436 mm, 117.5514 mm): Track [5V_USB] on F.Cu, length 4.2264 mm
    @(138.9950 mm, 118.4800 mm): Pad A12 [GND] of J8 on F.Cu
[clearance]: Clearance violation (netclass 'Default' clearance 0.2000 mm; actual 0.1000 mm)
    Rule: netclass 'Default'; error
    @(152.5700 mm, 106.6900 mm): Track [SOL2_RET] on B.Cu, length 2.2203 mm
    @(150.1500 mm, 102.9107 mm): Track [+24V] on B.Cu, length 5.4893 mm
[clearance]: Clearance violation (netclass 'Default' clearance 0.2000 mm; actual 0.1010 mm)
    Rule: netclass 'Default'; error
    @(110.6750 mm, 109.4600 mm): Track [/ESP Breakout Cirucitry/GPIO_35] on F.Cu, length 8.1450 mm
    @(107.3800 mm, 100.8700 mm): Track [+5V] on F.Cu, length 2.6900 mm
[clearance]: Clearance violation (netclass 'Default' clearance 0.2000 mm; actual 0.1900 mm)
    Rule: netclass 'Default'; error
    @(154.4600 mm, 94.0400 mm): Track [+24V] on B.Cu, length 7.3800 mm
    @(151.3400 mm, 93.0500 mm): Via [GND] on F.Cu - B.Cu
[clearance]: Clearance violation (netclass 'Default' clearance 0.2000 mm; actual 0.1500 mm)
    Rule: netclass 'Default'; error
    @(116.3200 mm, 93.2000 mm): Via [GPIO_10] on F.Cu - B.Cu
    @(116.9200 mm, 93.4485 mm): Track [+3V3] on F.Cu, length 2.4275 mm
[clearance]: Clearance violation (netclass 'Default' clearance 0.2000 mm; actual 0.0876 mm)
    Rule: netclass 'Default'; error
    @(105.5900 mm, 81.9400 mm): Track [Net-(D15-A)] on F.Cu, length 6.6700 mm
    @(105.0000 mm, 82.2071 mm): Track [Net-(D16-A)] on F.Cu, length 0.2929 mm
[clearance]: Clearance violation (netclass 'Default' clearance 0.2000 mm; actual 0.0829 mm)
    Rule: netclass 'Default'; error
    @(105.5900 mm, 89.4400 mm): Track [Net-(D15-A)] on F.Cu, length 7.5000 mm
    @(105.0000 mm, 82.2071 mm): Track [Net-(D16-A)] on F.Cu, length 0.2929 mm
[clearance]: Clearance violation (netclass 'Default' clearance 0.2000 mm; actual 0.1924 mm)
    Rule: netclass 'Default'; error
    @(123.5650 mm, 89.5825 mm): Track [Net-(U7-AIN3N)] on F.Cu, length 1.2162 mm
    @(123.1700 mm, 90.5325 mm): Track [Net-(U7-AIN2N)] on F.Cu, length 1.1300 mm
[clearance]: Clearance violation (netclass 'Default' clearance 0.2000 mm; actual 0.1100 mm)
    Rule: netclass 'Default'; error
    @(105.0000 mm, 82.2071 mm): Track [Net-(D16-A)] on F.Cu, length 0.2929 mm
    @(104.5900 mm, 92.4400 mm): Track [Net-(D17-A)] on F.Cu, length 11.0000 mm
[clearance]: Clearance violation (netclass 'Default' clearance 0.2000 mm; actual 0.1900 mm)
    Rule: netclass 'Default'; error
    @(120.3500 mm, 80.9400 mm): Track [Net-(D17-A)] on F.Cu, length 4.3699 mm
    @(122.5000 mm, 80.5000 mm): Track [CAN_L] on F.Cu, length 12.5900 mm
[clearance]: Clearance violation (netclass 'Default' clearance 0.2000 mm; actual 0.1900 mm)
    Rule: netclass 'Default'; error
    @(105.0900 mm, 80.9400 mm): Track [Net-(D17-A)] on F.Cu, length 15.2600 mm
    @(109.9100 mm, 80.5000 mm): Track [CAN_L] on F.Cu, length 3.8254 mm
[clearance]: Clearance violation (netclass 'Default' clearance 0.2000 mm; actual 0.1026 mm)
    Rule: netclass 'Default'; error
    @(145.6500 mm, 108.0596 mm): Track [+3V3] on F.Cu, length 1.1738 mm
    @(146.4800 mm, 107.8800 mm): Pad 2 [Net-(U12-+)] of R44 on F.Cu
[clearance]: Clearance violation (netclass 'Default' clearance 0.2000 mm; actual 0.1300 mm)
    Rule: netclass 'Default'; error
    @(119.9300 mm, 105.1800 mm): Via [GPIO_13] on F.Cu - B.Cu
    @(119.5000 mm, 104.3750 mm): Pad 2 [/ESP Breakout Cirucitry/ESP32_IO0] of BOOT on F.Cu
[clearance]: Clearance violation (netclass 'Default' clearance 0.2000 mm; actual 0.1924 mm)
    Rule: netclass 'Default'; error
    @(119.9300 mm, 103.0000 mm): Via [GPIO_13] on F.Cu - B.Cu
    @(119.3300 mm, 100.3143 mm): Track [/ESP Breakout Cirucitry/GPIO_17] on B.Cu, length 10.5857 mm
[clearance]: Clearance violation (netclass 'Default' clearance 0.2000 mm; actual 0.1760 mm)
    Rule: netclass 'Default'; error
    @(121.1403 mm, 91.3825 mm): Track [Net-(U7-AIN2N)] on F.Cu, length 1.0854 mm
    @(119.6725 mm, 91.2650 mm): Pad 7 [Net-(U7-AIN2P)] of U7 on F.Cu
[clearance]: Clearance violation (netclass 'Default' clearance 0.2000 mm; actual 0.1250 mm)
    Rule: netclass 'Default'; error
    @(145.6500 mm, 105.3500 mm): Track [+3V3] on F.Cu, length 2.7096 mm
    @(144.9500 mm, 106.6500 mm): Pad 4 [/Sensor Circuitry/VMID] of U12 on F.Cu
[clearance]: Clearance violation (netclass 'Default' clearance 0.2000 mm; actual 0.1900 mm)
    Rule: netclass 'Default'; error
    @(122.5000 mm, 80.5000 mm): Track [CAN_L] on F.Cu, length 12.5900 mm
    @(105.0900 mm, 80.9400 mm): Track [Net-(D17-A)] on F.Cu, length 15.2600 mm
[clearance]: Clearance violation (netclass 'Default' clearance 0.2000 mm; actual 0.1500 mm)
    Rule: netclass 'Default'; error
    @(128.6000 mm, 90.6300 mm): Track [Net-(D3-A)] on F.Cu, length 1.3325 mm
    @(129.0000 mm, 91.2500 mm): Pad 2 [+3V3] of R8 on F.Cu
[clearance]: Clearance violation (netclass 'Default' clearance 0.2000 mm; actual 0.1900 mm)
    Rule: netclass 'Default'; error
    @(136.5600 mm, 112.4500 mm): Via [GND] on F.Cu - B.Cu
    @(137.3200 mm, 112.3500 mm): Pad 1 [/Power Circuitry/3V3_USB] of R13 on F.Cu
[clearance]: Clearance violation (netclass 'Default' clearance 0.2000 mm; actual 0.1500 mm)
    Rule: netclass 'Default'; error
    @(128.6000 mm, 85.3800 mm): Track [Net-(D5-A)] on F.Cu, length 1.3200 mm
    @(129.0000 mm, 86.0000 mm): Pad 2 [+24V] of R10 on F.Cu
[clearance]: Clearance violation (netclass 'Default' clearance 0.2000 mm; actual 0.1950 mm)
    Rule: netclass 'Default'; error
    @(115.1650 mm, 96.3975 mm): Track [+3V3] on F.Cu, length 1.7430 mm
    @(113.9325 mm, 94.5150 mm): Pad 19 [GND] of U7 on F.Cu
[clearance]: Clearance violation (netclass 'Default' clearance 0.2000 mm; actual 0.1950 mm)
    Rule: netclass 'Default'; error
    @(112.6425 mm, 88.0250 mm): Track [+3V3] on F.Cu, length 1.8243 mm
    @(113.9325 mm, 89.9650 mm): Pad 12 [GND] of U7 on F.Cu
[clearance]: Clearance violation (netclass 'Default' clearance 0.2000 mm; actual 0.1114 mm)
    Rule: netclass 'Default'; error
    @(141.2200 mm, 116.8900 mm): Via [/ESP Breakout Cirucitry/USB_N] on F.Cu - B.Cu
    @(138.3436 mm, 117.5514 mm): Track [5V_USB] on F.Cu, length 4.2264 mm
[hole_clearance]: Hole clearance violation (board setup constraints hole clearance 0.2500 mm; actual 0.2269 mm)
    Rule: board setup constraints hole; error
    @(133.5550 mm, 120.3350 mm): Track [5V_USB] on F.Cu, length 2.8550 mm
    @(132.9050 mm, 119.5400 mm): NPTH pad of J8
[clearance]: Clearance violation (netclass 'Default' clearance 0.2000 mm; actual 0.1375 mm)
    Rule: netclass 'Default'; error
    @(142.1500 mm, 114.7750 mm): Track [5V_USB] on F.Cu, length 1.0250 mm
    @(142.8000 mm, 113.8875 mm): Pad 7 [GND] of U6 on F.Cu
[clearance]: Clearance violation (netclass 'Default' clearance 0.2000 mm; actual 0.1250 mm)
    Rule: netclass 'Default'; error
    @(139.0200 mm, 115.5675 mm): Track [+3V3] on F.Cu, length 0.4375 mm
    @(139.5200 mm, 116.0425 mm): Pad 3 [GND] of U3 on F.Cu
[clearance]: Clearance violation (netclass 'Default' clearance 0.2000 mm; actual 0.1521 mm)
    Rule: netclass 'Default'; error
    @(138.5725 mm, 115.1200 mm): Track [+3V3] on F.Cu, length 0.6329 mm
    @(139.5200 mm, 116.0425 mm): Pad 3 [GND] of U3 on F.Cu
[clearance]: Clearance violation (netclass 'Default' clearance 0.2000 mm; actual 0.1814 mm)
    Rule: netclass 'Default'; error
    @(139.5200 mm, 116.8050 mm): Track [GND] on F.Cu, length 0.2650 mm
    @(138.3436 mm, 117.5514 mm): Track [5V_USB] on F.Cu, length 4.2264 mm
[clearance]: Clearance violation (netclass 'Default' clearance 0.2000 mm; actual 0.1100 mm)
    Rule: netclass 'Default'; error
    @(131.1250 mm, 114.5550 mm): Track [+3V3] on F.Cu, length 1.0819 mm
    @(130.8700 mm, 113.7900 mm): Pad 2 [/ESP Breakout Cirucitry/ESP32_EN] of R3 on F.Cu
[clearance]: Clearance violation (netclass 'Default' clearance 0.2000 mm; actual 0.1832 mm)
    Rule: netclass 'Default'; error
    @(144.5000 mm, 124.0000 mm): PTH pad 1 [+24V] of J5
    @(143.2500 mm, 124.0000 mm): PTH pad 2 [SOL1_RET] of J5
[clearance]: Clearance violation (netclass 'Default' clearance 0.2000 mm; actual 0.1832 mm)
    Rule: netclass 'Default'; error
    @(144.5000 mm, 120.0000 mm): PTH pad 1 [+24V] of J4
    @(143.2500 mm, 120.0000 mm): PTH pad 2 [Net-(J4-Pin_2)] of J4
[clearance]: Clearance violation (netclass 'Default' clearance 0.2000 mm; actual 0.1832 mm)
    Rule: netclass 'Default'; error
    @(153.2500 mm, 117.0000 mm): PTH pad 1 [+24V] of J3
    @(152.0000 mm, 117.0000 mm): PTH pad 2 [Net-(J3-Pin_2)] of J3
[clearance]: Clearance violation (netclass 'Default' clearance 0.2000 mm; actual 0.1500 mm)
    Rule: netclass 'Default'; error
    @(140.5200 mm, 116.0050 mm): Pad 1 [/ESP Breakout Cirucitry/USB_N] of U3 on F.Cu
    @(140.5200 mm, 116.7800 mm): Pad 10 [unconnected-(U3-NC-Pad10)] of U3 on F.Cu
[clearance]: Clearance violation (netclass 'Default' clearance 0.2000 mm; actual 0.1500 mm)
    Rule: netclass 'Default'; error
    @(140.0200 mm, 116.0050 mm): Pad 2 [/ESP Breakout Cirucitry/USB_P] of U3 on F.Cu
    @(139.5200 mm, 116.0425 mm): Pad 3 [GND] of U3 on F.Cu
[clearance]: Clearance violation (netclass 'Default' clearance 0.2000 mm; actual 0.1500 mm)
    Rule: netclass 'Default'; error
    @(140.0200 mm, 116.0050 mm): Pad 2 [/ESP Breakout Cirucitry/USB_P] of U3 on F.Cu
    @(140.0200 mm, 116.7800 mm): Pad 9 [unconnected-(U3-NC-Pad9)] of U3 on F.Cu
[clearance]: Clearance violation (netclass 'Default' clearance 0.2000 mm; actual 0.1677 mm)
    Rule: netclass 'Default'; error
    @(139.5200 mm, 116.0425 mm): Pad 3 [GND] of U3 on F.Cu
    @(139.0200 mm, 116.7800 mm): Pad 7 [unconnected-(U3-NC-Pad7)] of U3 on F.Cu
[clearance]: Clearance violation (netclass 'Default' clearance 0.2000 mm; actual 0.1677 mm)
    Rule: netclass 'Default'; error
    @(139.5200 mm, 116.0425 mm): Pad 3 [GND] of U3 on F.Cu
    @(140.0200 mm, 116.7800 mm): Pad 9 [unconnected-(U3-NC-Pad9)] of U3 on F.Cu
[clearance]: Clearance violation (netclass 'Default' clearance 0.2000 mm; actual 0.1500 mm)
    Rule: netclass 'Default'; error
    @(139.5200 mm, 116.0425 mm): Pad 3 [GND] of U3 on F.Cu
    @(139.0200 mm, 116.0050 mm): Pad 4 [+3V3] of U3 on F.Cu
[clearance]: Clearance violation (netclass 'Default' clearance 0.2000 mm; actual 0.1500 mm)
    Rule: netclass 'Default'; error
    @(139.0200 mm, 116.0050 mm): Pad 4 [+3V3] of U3 on F.Cu
    @(139.0200 mm, 116.7800 mm): Pad 7 [unconnected-(U3-NC-Pad7)] of U3 on F.Cu
[clearance]: Clearance violation (netclass 'Default' clearance 0.2000 mm; actual 0.1500 mm)
    Rule: netclass 'Default'; error
    @(138.5200 mm, 116.0050 mm): Pad 5 [unconnected-(U3-Pad5)] of U3 on F.Cu
    @(138.5200 mm, 116.7800 mm): Pad 6 [unconnected-(U3-NC-Pad6)] of U3 on F.Cu
[clearance]: Clearance violation (netclass 'Default' clearance 0.2000 mm; actual 0.1500 mm)
    Rule: netclass 'Default'; error
    @(139.0200 mm, 116.7800 mm): Pad 7 [unconnected-(U3-NC-Pad7)] of U3 on F.Cu
    @(139.5200 mm, 116.8050 mm): Pad 8 [GND] of U3 on F.Cu
[clearance]: Clearance violation (netclass 'Default' clearance 0.2000 mm; actual 0.1500 mm)
    Rule: netclass 'Default'; error
    @(139.5200 mm, 116.8050 mm): Pad 8 [GND] of U3 on F.Cu
    @(140.0200 mm, 116.7800 mm): Pad 9 [unconnected-(U3-NC-Pad9)] of U3 on F.Cu
[clearance]: Clearance violation (netclass 'Default' clearance 0.2000 mm; actual 0.1832 mm)
    Rule: netclass 'Default'; error
    @(153.2500 mm, 121.0000 mm): PTH pad 1 [+24V] of J6
    @(152.0000 mm, 121.0000 mm): PTH pad 2 [SOL2_RET] of J6
[clearance]: Clearance violation (netclass 'Default' clearance 0.2000 mm; actual 0.0500 mm)
    Rule: netclass 'Default'; error
    @(122.0650 mm, 117.0700 mm): Pad 41_1 [GND] of U1 on F.Cu
    @(122.0650 mm, 117.7700 mm): PTH pad 41_10 [<no net>] of U1
[clearance]: Clearance violation (netclass 'Default' clearance 0.2000 mm; actual 0.0500 mm)
    Rule: netclass 'Default'; error
    @(122.0650 mm, 117.0700 mm): Pad 41_1 [GND] of U1 on F.Cu
    @(122.7650 mm, 117.0700 mm): PTH pad 41_18 [<no net>] of U1
[clearance]: Clearance violation (netclass 'Default' clearance 0.2000 mm; actual 0.0500 mm)
    Rule: netclass 'Default'; error
    @(122.0650 mm, 117.0700 mm): Pad 41_1 [GND] of U1 on F.Cu
    @(122.0650 mm, 116.3700 mm): PTH pad 41_14 [<no net>] of U1
[clearance]: Clearance violation (netclass 'Default' clearance 0.2000 mm; actual 0.0500 mm)
    Rule: netclass 'Default'; error
    @(122.0650 mm, 117.0700 mm): Pad 41_1 [GND] of U1 on F.Cu
    @(121.3650 mm, 117.0700 mm): PTH pad 41_19 [<no net>] of U1
[clearance]: Clearance violation (netclass 'Default' clearance 0.2000 mm; actual 0.0500 mm)
    Rule: netclass 'Default'; error
    @(123.4650 mm, 117.0700 mm): Pad 41_2 [GND] of U1 on F.Cu
    @(123.4650 mm, 117.7700 mm): PTH pad 41_11 [<no net>] of U1
[clearance]: Clearance violation (netclass 'Default' clearance 0.2000 mm; actual 0.0500 mm)
    Rule: netclass 'Default'; error
    @(123.4650 mm, 117.0700 mm): Pad 41_2 [GND] of U1 on F.Cu
    @(122.7650 mm, 117.0700 mm): PTH pad 41_18 [<no net>] of U1
[clearance]: Clearance violation (netclass 'Default' clearance 0.2000 mm; actual 0.0500 mm)
    Rule: netclass 'Default'; error
    @(123.4650 mm, 117.0700 mm): Pad 41_2 [GND] of U1 on F.Cu
    @(123.4650 mm, 116.3700 mm): PTH pad 41_13 [<no net>] of U1
[clearance]: Clearance violation (netclass 'Default' clearance 0.2000 mm; actual 0.0500 mm)
    Rule: netclass 'Default'; error
    @(120.6650 mm, 117.0700 mm): Pad 41_3 [GND] of U1 on F.Cu
    @(120.6650 mm, 117.7700 mm): PTH pad 41_12 [<no net>] of U1
[clearance]: Clearance violation (netclass 'Default' clearance 0.2000 mm; actual 0.0500 mm)
    Rule: netclass 'Default'; error
    @(120.6650 mm, 117.0700 mm): Pad 41_3 [GND] of U1 on F.Cu
    @(120.6650 mm, 116.3700 mm): PTH pad 41_15 [<no net>] of U1
[clearance]: Clearance violation (netclass 'Default' clearance 0.2000 mm; actual 0.0500 mm)
    Rule: netclass 'Default'; error
    @(120.6650 mm, 117.0700 mm): Pad 41_3 [GND] of U1 on F.Cu
    @(121.3650 mm, 117.0700 mm): PTH pad 41_19 [<no net>] of U1
[clearance]: Clearance violation (netclass 'Default' clearance 0.2000 mm; actual 0.0500 mm)
    Rule: netclass 'Default'; error
    @(123.4650 mm, 115.6700 mm): Pad 41_4 [GND] of U1 on F.Cu
    @(123.4650 mm, 116.3700 mm): PTH pad 41_13 [<no net>] of U1
[clearance]: Clearance violation (netclass 'Default' clearance 0.2000 mm; actual 0.0500 mm)
    Rule: netclass 'Default'; error
    @(123.4650 mm, 115.6700 mm): Pad 41_4 [GND] of U1 on F.Cu
    @(122.7650 mm, 115.6700 mm): PTH pad 41_20 [<no net>] of U1
[clearance]: Clearance violation (netclass 'Default' clearance 0.2000 mm; actual 0.0500 mm)
    Rule: netclass 'Default'; error
    @(122.0650 mm, 115.6700 mm): Pad 41_5 [GND] of U1 on F.Cu
    @(122.7650 mm, 115.6700 mm): PTH pad 41_20 [<no net>] of U1
[clearance]: Clearance violation (netclass 'Default' clearance 0.2000 mm; actual 0.0500 mm)
    Rule: netclass 'Default'; error
    @(122.0650 mm, 115.6700 mm): Pad 41_5 [GND] of U1 on F.Cu
    @(121.3650 mm, 115.6700 mm): PTH pad 41_21 [<no net>] of U1
[clearance]: Clearance violation (netclass 'Default' clearance 0.2000 mm; actual 0.0500 mm)
    Rule: netclass 'Default'; error
    @(122.0650 mm, 115.6700 mm): Pad 41_5 [GND] of U1 on F.Cu
    @(122.0650 mm, 116.3700 mm): PTH pad 41_14 [<no net>] of U1
[clearance]: Clearance violation (netclass 'Default' clearance 0.2000 mm; actual 0.0500 mm)
    Rule: netclass 'Default'; error
    @(120.6650 mm, 115.6700 mm): Pad 41_6 [GND] of U1 on F.Cu
    @(120.6650 mm, 116.3700 mm): PTH pad 41_15 [<no net>] of U1
[clearance]: Clearance violation (netclass 'Default' clearance 0.2000 mm; actual 0.0500 mm)
    Rule: netclass 'Default'; error
    @(120.6650 mm, 115.6700 mm): Pad 41_6 [GND] of U1 on F.Cu
    @(121.3650 mm, 115.6700 mm): PTH pad 41_21 [<no net>] of U1
[clearance]: Clearance violation (netclass 'Default' clearance 0.2000 mm; actual 0.0500 mm)
    Rule: netclass 'Default'; error
    @(123.4650 mm, 118.4700 mm): Pad 41_7 [GND] of U1 on F.Cu
    @(122.7650 mm, 118.4700 mm): PTH pad 41_16 [<no net>] of U1
[clearance]: Clearance violation (netclass 'Default' clearance 0.2000 mm; actual 0.0500 mm)
    Rule: netclass 'Default'; error
    @(123.4650 mm, 118.4700 mm): Pad 41_7 [GND] of U1 on F.Cu
    @(123.4650 mm, 117.7700 mm): PTH pad 41_11 [<no net>] of U1
[clearance]: Clearance violation (netclass 'Default' clearance 0.2000 mm; actual 0.0500 mm)
    Rule: netclass 'Default'; error
    @(122.0650 mm, 118.4700 mm): Pad 41_8 [GND] of U1 on F.Cu
    @(122.7650 mm, 118.4700 mm): PTH pad 41_16 [<no net>] of U1
[clearance]: Clearance violation (netclass 'Default' clearance 0.2000 mm; actual 0.0500 mm)
    Rule: netclass 'Default'; error
    @(122.0650 mm, 118.4700 mm): Pad 41_8 [GND] of U1 on F.Cu
    @(122.0650 mm, 117.7700 mm): PTH pad 41_10 [<no net>] of U1
[clearance]: Clearance violation (netclass 'Default' clearance 0.2000 mm; actual 0.0500 mm)
    Rule: netclass 'Default'; error
    @(122.0650 mm, 118.4700 mm): Pad 41_8 [GND] of U1 on F.Cu
    @(121.3650 mm, 118.4700 mm): PTH pad 41_17 [<no net>] of U1
[clearance]: Clearance violation (netclass 'Default' clearance 0.2000 mm; actual 0.0500 mm)
    Rule: netclass 'Default'; error
    @(120.6650 mm, 118.4700 mm): Pad 41_9 [GND] of U1 on F.Cu
    @(120.6650 mm, 117.7700 mm): PTH pad 41_12 [<no net>] of U1
[clearance]: Clearance violation (netclass 'Default' clearance 0.2000 mm; actual 0.0500 mm)
    Rule: netclass 'Default'; error
    @(120.6650 mm, 118.4700 mm): Pad 41_9 [GND] of U1 on F.Cu
    @(121.3650 mm, 118.4700 mm): PTH pad 41_17 [<no net>] of U1
[hole_clearance]: Hole clearance violation (board setup constraints hole clearance 0.2500 mm; actual 0.1801 mm)
    Rule: board setup constraints hole; error
    @(132.9050 mm, 119.5400 mm): NPTH pad of J8
    @(132.5950 mm, 118.4800 mm): Pad A1 [GND] of J8 on F.Cu
[hole_clearance]: Hole clearance violation (board setup constraints hole clearance 0.2500 mm; actual 0.2162 mm)
    Rule: board setup constraints hole; error
    @(132.9050 mm, 119.5400 mm): NPTH pad of J8
    @(133.3950 mm, 118.4800 mm): Pad A4 [5V_USB] of J8 on F.Cu
[hole_clearance]: Hole clearance violation (board setup constraints hole clearance 0.2500 mm; actual 0.2162 mm)
    Rule: board setup constraints hole; error
    @(132.9050 mm, 119.5400 mm): NPTH pad of J8
    @(133.3950 mm, 118.4800 mm): Pad B9 [5V_USB] of J8 on F.Cu
[hole_clearance]: Hole clearance violation (board setup constraints hole clearance 0.2500 mm; actual 0.1801 mm)
    Rule: board setup constraints hole; error
    @(132.9050 mm, 119.5400 mm): NPTH pad of J8
    @(132.5950 mm, 118.4800 mm): Pad B12 [GND] of J8 on F.Cu
[hole_clearance]: Hole clearance violation (board setup constraints hole clearance 0.2500 mm; actual 0.1801 mm)
    Rule: board setup constraints hole; error
    @(138.6850 mm, 119.5400 mm): NPTH pad of J8
    @(138.9950 mm, 118.4800 mm): Pad A12 [GND] of J8 on F.Cu
[hole_clearance]: Hole clearance violation (board setup constraints hole clearance 0.2500 mm; actual 0.1801 mm)
    Rule: board setup constraints hole; error
    @(138.6850 mm, 119.5400 mm): NPTH pad of J8
    @(138.9950 mm, 118.4800 mm): Pad B1 [GND] of J8 on F.Cu
[hole_clearance]: Hole clearance violation (board setup constraints hole clearance 0.2500 mm; actual 0.2162 mm)
    Rule: board setup constraints hole; error
    @(138.6850 mm, 119.5400 mm): NPTH pad of J8
    @(138.1950 mm, 118.4800 mm): Pad A9 [5V_USB] of J8 on F.Cu
[hole_clearance]: Hole clearance violation (board setup constraints hole clearance 0.2500 mm; actual 0.2162 mm)
    Rule: board setup constraints hole; error
    @(138.6850 mm, 119.5400 mm): NPTH pad of J8
    @(138.1950 mm, 118.4800 mm): Pad B4 [5V_USB] of J8 on F.Cu
[copper_edge_clearance]: Board edge clearance violation (board setup constraints edge clearance 0.5000 mm; actual 0.3500 mm)
    Rule: board setup constraints edge; error
    @(127.3450 mm, 71.2300 mm): Segment on Edge.Cuts
    @(126.7450 mm, 70.3810 mm): Track [GND] on F.Cu, length 3.1510 mm
[copper_edge_clearance]: Board edge clearance violation (board setup constraints edge clearance 0.5000 mm; actual 0.4000 mm)
    Rule: board setup constraints edge; error
    @(120.1450 mm, 72.1800 mm): Segment on Edge.Cuts
    @(122.0000 mm, 71.5000 mm): Track [GND] on F.Cu, length 1.7041 mm
[copper_edge_clearance]: Board edge clearance violation (board setup constraints edge clearance 0.5000 mm; actual 0.4000 mm)
    Rule: board setup constraints edge; error
    @(120.1450 mm, 72.1800 mm): Segment on Edge.Cuts
    @(120.7950 mm, 70.2950 mm): Track [GND] on F.Cu, length 3.0650 mm
[copper_edge_clearance]: Board edge clearance violation (board setup constraints edge clearance 0.5000 mm; actual 0.4629 mm)
    Rule: board setup constraints edge; error
    @(128.2950 mm, 71.2300 mm): Arc on Edge.Cuts
    @(129.8450 mm, 70.8450 mm): Track [GND] on F.Cu, length 3.6150 mm
[copper_edge_clearance]: Board edge clearance violation (board setup constraints edge clearance 0.5000 mm; actual 0.4629 mm)
    Rule: board setup constraints edge; error
    @(128.2950 mm, 71.2300 mm): Arc on Edge.Cuts
    @(130.2050 mm, 71.2050 mm): Track [GND] on F.Cu, length 0.5091 mm
[copper_edge_clearance]: Board edge clearance violation (board setup constraints edge clearance 0.5000 mm; actual 0.3500 mm)
    Rule: board setup constraints edge; error
    @(99.4450 mm, 126.3800 mm): Segment on Edge.Cuts
    @(110.7650 mm, 125.7800 mm): Track [+3V3] on F.Cu, length 2.9200 mm
[copper_edge_clearance]: Board edge clearance violation (board setup constraints edge clearance 0.5 mm; actual 0.499999 mm)
    Rule: board setup constraints edge; error
    @(140.4450 mm, 72.1800 mm): Segment on Edge.Cuts
    @(139.6950 mm, 72.8050 mm): Track [/Power Circuitry/3V3_BP] on F.Cu, length 5.0250 mm
[copper_edge_clearance]: Board edge clearance violation (board setup constraints edge clearance 0.5000 mm; actual 0.4900 mm)
    Rule: board setup constraints edge; error
    @(99.4450 mm, 126.3800 mm): Segment on Edge.Cuts
    @(147.6700 mm, 125.5900 mm): Via [SOL1_RET] on F.Cu - B.Cu
[copper_edge_clearance]: Board edge clearance violation (board setup constraints edge clearance 0.5 mm; actual 0.499999 mm)
    Rule: board setup constraints edge; error
    @(99.4450 mm, 126.3800 mm): Segment on Edge.Cuts
    @(147.5700 mm, 125.6300 mm): Track [SOL1_RET] on B.Cu, length 0.0400 mm
[copper_edge_clearance]: Board edge clearance violation (board setup constraints edge clearance 0.5 mm; actual 0.499999 mm)
    Rule: board setup constraints edge; error
    @(99.4450 mm, 126.3800 mm): Segment on Edge.Cuts
    @(147.2300 mm, 125.6300 mm): Track [SOL1_RET] on B.Cu, length 0.2600 mm
[copper_edge_clearance]: Board edge clearance violation (board setup constraints edge clearance 0.5 mm; actual 0.499999 mm)
    Rule: board setup constraints edge; error
    @(99.4450 mm, 126.3800 mm): Segment on Edge.Cuts
    @(147.4900 mm, 125.6300 mm): Track [SOL1_RET] on B.Cu, length 0.1844 mm
[copper_edge_clearance]: Board edge clearance violation (board setup constraints edge clearance 0.5 mm; actual 0.499999 mm)
    Rule: board setup constraints edge; error
    @(99.4450 mm, 126.3800 mm): Segment on Edge.Cuts
    @(147.6700 mm, 125.5900 mm): Track [SOL1_RET] on B.Cu, length 0.1077 mm
[copper_edge_clearance]: Board edge clearance violation (board setup constraints edge clearance 0.5 mm; actual 0.499999 mm)
    Rule: board setup constraints edge; error
    @(99.4450 mm, 126.3800 mm): Segment on Edge.Cuts
    @(146.7400 mm, 125.1400 mm): Track [SOL1_RET] on B.Cu, length 0.6930 mm
[copper_edge_clearance]: Board edge clearance violation (board setup constraints edge clearance 0.5000 mm; actual 0.3948 mm)
    Rule: board setup constraints edge; error
    @(115.4450 mm, 72.1800 mm): Segment on Edge.Cuts
    @(120.7950 mm, 72.7950 mm): Track [+24V_BP] on B.Cu, length 4.0000 mm
[copper_edge_clearance]: Board edge clearance violation (board setup constraints edge clearance 0.5000 mm; actual 0.4000 mm)
    Rule: board setup constraints edge; error
    @(115.4450 mm, 72.1800 mm): Segment on Edge.Cuts
    @(120.7950 mm, 67.2300 mm): Track [+24V_BP] on B.Cu, length 5.5650 mm
[silk_edge_clearance]: Silkscreen clipped by board edge
    Rule: board setup constraints silk; warning
    @(99.4450 mm, 126.3800 mm): Segment on Edge.Cuts
    @(111.5650 mm, 132.2800 mm): Segment on F.Silkscreen
[silk_edge_clearance]: Silkscreen clipped by board edge
    Rule: board setup constraints silk; warning
    @(99.4450 mm, 126.3800 mm): Segment on Edge.Cuts
    @(129.5650 mm, 125.5600 mm): Segment on F.Silkscreen
[copper_edge_clearance]: Board edge clearance violation (board setup constraints edge clearance 0.5000 mm; actual 0.4550 mm)
    Rule: board setup constraints edge; error
    @(99.4450 mm, 126.3800 mm): Segment on Edge.Cuts
    @(149.0000 mm, 125.4375 mm): Pad 1 [SOL1_RET] of S1 on F.Cu
[holes_co_located]: Drilled holes co-located
    Local override; warning
    @(110.2100 mm, 122.4600 mm): Via [GND] on F.Cu - B.Cu
    @(110.2100 mm, 122.4600 mm): Via [GND] on F.Cu - B.Cu
[holes_co_located]: Drilled holes co-located
    Local override; warning
    @(125.7100 mm, 104.7200 mm): Via [GPIO_9] on F.Cu - B.Cu
    @(125.7100 mm, 104.7200 mm): Via [GPIO_9] on F.Cu - B.Cu
[holes_co_located]: Drilled holes co-located
    Local override; warning
    @(125.7100 mm, 104.7200 mm): Via [GPIO_9] on F.Cu - B.Cu
    @(125.7100 mm, 104.7200 mm): Via [GPIO_9] on F.Cu - B.Cu
[holes_co_located]: Drilled holes co-located
    Local override; warning
    @(125.7100 mm, 104.7200 mm): Via [GPIO_9] on F.Cu - B.Cu
    @(125.7100 mm, 104.7200 mm): Via [GPIO_9] on F.Cu - B.Cu
[drill_out_of_range]: Hole size out of range (board setup constraints min width 0.3000 mm; actual 0.2000 mm)
    Rule: board setup constraints; error
    @(122.0650 mm, 117.7700 mm): PTH pad 41_10 [<no net>] of U1
[drill_out_of_range]: Hole size out of range (board setup constraints min width 0.3000 mm; actual 0.2000 mm)
    Rule: board setup constraints; error
    @(123.4650 mm, 117.7700 mm): PTH pad 41_11 [<no net>] of U1
[drill_out_of_range]: Hole size out of range (board setup constraints min width 0.3000 mm; actual 0.2000 mm)
    Rule: board setup constraints; error
    @(120.6650 mm, 117.7700 mm): PTH pad 41_12 [<no net>] of U1
[drill_out_of_range]: Hole size out of range (board setup constraints min width 0.3000 mm; actual 0.2000 mm)
    Rule: board setup constraints; error
    @(123.4650 mm, 116.3700 mm): PTH pad 41_13 [<no net>] of U1
[drill_out_of_range]: Hole size out of range (board setup constraints min width 0.3000 mm; actual 0.2000 mm)
    Rule: board setup constraints; error
    @(122.0650 mm, 116.3700 mm): PTH pad 41_14 [<no net>] of U1
[drill_out_of_range]: Hole size out of range (board setup constraints min width 0.3000 mm; actual 0.2000 mm)
    Rule: board setup constraints; error
    @(120.6650 mm, 116.3700 mm): PTH pad 41_15 [<no net>] of U1
[drill_out_of_range]: Hole size out of range (board setup constraints min width 0.3000 mm; actual 0.2000 mm)
    Rule: board setup constraints; error
    @(122.7650 mm, 118.4700 mm): PTH pad 41_16 [<no net>] of U1
[drill_out_of_range]: Hole size out of range (board setup constraints min width 0.3000 mm; actual 0.2000 mm)
    Rule: board setup constraints; error
    @(121.3650 mm, 118.4700 mm): PTH pad 41_17 [<no net>] of U1
[drill_out_of_range]: Hole size out of range (board setup constraints min width 0.3000 mm; actual 0.2000 mm)
    Rule: board setup constraints; error
    @(122.7650 mm, 117.0700 mm): PTH pad 41_18 [<no net>] of U1
[drill_out_of_range]: Hole size out of range (board setup constraints min width 0.3000 mm; actual 0.2000 mm)
    Rule: board setup constraints; error
    @(121.3650 mm, 117.0700 mm): PTH pad 41_19 [<no net>] of U1
[drill_out_of_range]: Hole size out of range (board setup constraints min width 0.3000 mm; actual 0.2000 mm)
    Rule: board setup constraints; error
    @(122.7650 mm, 115.6700 mm): PTH pad 41_20 [<no net>] of U1
[drill_out_of_range]: Hole size out of range (board setup constraints min width 0.3000 mm; actual 0.2000 mm)
    Rule: board setup constraints; error
    @(121.3650 mm, 115.6700 mm): PTH pad 41_21 [<no net>] of U1
[lib_footprint_issues]: The current configuration does not include the library '0679L0250-05'.
    Local override; warning
    @(143.0000 mm, 89.5000 mm): Footprint F1
[lib_footprint_issues]: The current configuration does not include the library 'CONNS'.
    Local override; warning
    @(144.5000 mm, 124.0000 mm): Footprint J5
[lib_footprint_issues]: The current configuration does not include the library 'LM66100'.
    Local override; warning
    @(136.3000 mm, 78.6600 mm): Footprint U14
[lib_footprint_issues]: The current configuration does not include the library 'SMF5_0CA'.
    Local override; warning
    @(139.8721 mm, 107.4400 mm): Footprint CR2
[lib_footprint_mismatch]: Footprint 'BUS_PCIexpress_x1' does not match copy in library 'Connector_PCBEdge'.
    Local override; warning
    @(139.7950 mm, 67.2300 mm): Footprint J1
[lib_footprint_issues]: The current configuration does not include the library 'SMF5_0CA'.
    Local override; warning
    @(139.7679 mm, 104.4700 mm): Footprint CR1
[lib_footprint_issues]: The current configuration does not include the library 'D_FB_SDM4A'.
    Local override; warning
    @(149.5000 mm, 111.7092 mm): Footprint D10
[lib_footprint_issues]: The current configuration does not include the library 'CONNS'.
    Local override; warning
    @(144.5000 mm, 120.0000 mm): Footprint J4
[lib_footprint_issues]: The current configuration does not include the library 'CONNS'.
    Local override; warning
    @(153.2500 mm, 117.0000 mm): Footprint J3
[lib_footprint_issues]: The current configuration does not include the library 'SN65HVD230DR'.
    Local override; warning
    @(107.0000 mm, 73.5000 mm): Footprint U2
[lib_footprint_issues]: The current configuration does not include the library 'CONNS'.
    Local override; warning
    @(153.2500 mm, 121.0000 mm): Footprint J6
[lib_footprint_issues]: The current configuration does not include the library 'ESP32-S3-WROOM-1-N16R2'.
    Local override; warning
    @(120.5650 mm, 119.5300 mm): Footprint U1
[lib_footprint_issues]: The current configuration does not include the library 'USBC-CONN'.
    Local override; warning
    @(135.7950 mm, 120.9900 mm): Footprint J8
[lib_footprint_issues]: The current configuration does not include the library 'SMF5_0CA'.
    Local override; warning
    @(134.3721 mm, 107.4400 mm): Footprint CR3
[lib_footprint_issues]: The current configuration does not include the library 'LM66100'.
    Local override; warning
    @(129.9900 mm, 78.6900 mm): Footprint U13
[lib_footprint_issues]: The current configuration does not include the library 'SMA6L30A'.
    Local override; warning
    @(151.1999 mm, 90.0000 mm): Footprint D8
[lib_footprint_issues]: The current configuration does not include the library 'D_FB_SDM4A'.
    Local override; warning
    @(146.5000 mm, 111.7060 mm): Footprint D11
[lib_footprint_mismatch]: Footprint 'LED_WS2812B_PLCC4_5.0x5.0mm_P3.2mm' does not match copy in library 'LED_SMD'.
    Local override; warning
    @(107.5000 mm, 99.9500 mm): Footprint D2
[lib_footprint_issues]: The current configuration does not include the library '53048-0310'.
    Local override; warning
    @(107.5450 mm, 118.7300 mm): Footprint J2-HALL
[silk_over_copper]: Silkscreen clipped by solder mask
    Local override; warning
    @(143.8750 mm, 124.0000 mm): Reference 'J5'
[silk_over_copper]: Silkscreen clipped by solder mask
    Local override; warning
    @(139.8721 mm, 107.4400 mm): Reference 'CR2'
[silk_over_copper]: Silkscreen clipped by solder mask
    Local override; warning
    @(139.7679 mm, 104.4700 mm): Reference 'CR1'
[silk_over_copper]: Silkscreen clipped by solder mask
    Local override; warning
    @(143.8750 mm, 120.0000 mm): Reference 'J4'
[silk_over_copper]: Silkscreen clipped by solder mask
    Local override; warning
    @(152.6250 mm, 117.0000 mm): Reference 'J3'
[silk_over_copper]: Silkscreen clipped by solder mask
    Local override; warning
    @(152.6250 mm, 121.0000 mm): Reference 'J6'
[silk_over_copper]: Silkscreen clipped by solder mask
    Local override; warning
    @(134.3721 mm, 107.4400 mm): Reference 'CR3'
[solder_mask_bridge]: Front solder mask aperture bridges items with different nets
    Rule: board setup solder mask min width; error
    @(122.0650 mm, 117.7700 mm): PTH pad 41_10 [<no net>] of U1
    @(122.0650 mm, 117.0700 mm): Pad 41_1 [GND] of U1 on F.Cu
[solder_mask_bridge]: Front solder mask aperture bridges items with different nets
    Rule: board setup solder mask min width; error
    @(122.0650 mm, 117.7700 mm): PTH pad 41_10 [<no net>] of U1
    @(122.0650 mm, 118.4700 mm): Pad 41_8 [GND] of U1 on F.Cu
[solder_mask_bridge]: Front solder mask aperture bridges items with different nets
    Rule: board setup solder mask min width; error
    @(123.4650 mm, 117.7700 mm): PTH pad 41_11 [<no net>] of U1
    @(123.4650 mm, 117.0700 mm): Pad 41_2 [GND] of U1 on F.Cu
[solder_mask_bridge]: Front solder mask aperture bridges items with different nets
    Rule: board setup solder mask min width; error
    @(123.4650 mm, 117.7700 mm): PTH pad 41_11 [<no net>] of U1
    @(123.4650 mm, 118.4700 mm): Pad 41_7 [GND] of U1 on F.Cu
[solder_mask_bridge]: Front solder mask aperture bridges items with different nets
    Rule: board setup solder mask min width; error
    @(120.6650 mm, 117.7700 mm): PTH pad 41_12 [<no net>] of U1
    @(120.6650 mm, 117.0700 mm): Pad 41_3 [GND] of U1 on F.Cu
[solder_mask_bridge]: Front solder mask aperture bridges items with different nets
    Rule: board setup solder mask min width; error
    @(120.6650 mm, 117.7700 mm): PTH pad 41_12 [<no net>] of U1
    @(120.6650 mm, 118.4700 mm): Pad 41_9 [GND] of U1 on F.Cu
[solder_mask_bridge]: Front solder mask aperture bridges items with different nets
    Rule: board setup solder mask min width; error
    @(123.4650 mm, 116.3700 mm): PTH pad 41_13 [<no net>] of U1
    @(123.4650 mm, 117.0700 mm): Pad 41_2 [GND] of U1 on F.Cu
[solder_mask_bridge]: Front solder mask aperture bridges items with different nets
    Rule: board setup solder mask min width; error
    @(123.4650 mm, 116.3700 mm): PTH pad 41_13 [<no net>] of U1
    @(123.4650 mm, 115.6700 mm): Pad 41_4 [GND] of U1 on F.Cu
[solder_mask_bridge]: Front solder mask aperture bridges items with different nets
    Rule: board setup solder mask min width; error
    @(122.0650 mm, 116.3700 mm): PTH pad 41_14 [<no net>] of U1
    @(122.0650 mm, 117.0700 mm): Pad 41_1 [GND] of U1 on F.Cu
[solder_mask_bridge]: Front solder mask aperture bridges items with different nets
    Rule: board setup solder mask min width; error
    @(122.0650 mm, 116.3700 mm): PTH pad 41_14 [<no net>] of U1
    @(122.0650 mm, 115.6700 mm): Pad 41_5 [GND] of U1 on F.Cu
[solder_mask_bridge]: Front solder mask aperture bridges items with different nets
    Rule: board setup solder mask min width; error
    @(120.6650 mm, 116.3700 mm): PTH pad 41_15 [<no net>] of U1
    @(120.6650 mm, 117.0700 mm): Pad 41_3 [GND] of U1 on F.Cu
[solder_mask_bridge]: Front solder mask aperture bridges items with different nets
    Rule: board setup solder mask min width; error
    @(120.6650 mm, 116.3700 mm): PTH pad 41_15 [<no net>] of U1
    @(120.6650 mm, 115.6700 mm): Pad 41_6 [GND] of U1 on F.Cu
[solder_mask_bridge]: Front solder mask aperture bridges items with different nets
    Rule: board setup solder mask min width; error
    @(122.7650 mm, 118.4700 mm): PTH pad 41_16 [<no net>] of U1
    @(123.4650 mm, 118.4700 mm): Pad 41_7 [GND] of U1 on F.Cu
[solder_mask_bridge]: Front solder mask aperture bridges items with different nets
    Rule: board setup solder mask min width; error
    @(122.7650 mm, 118.4700 mm): PTH pad 41_16 [<no net>] of U1
    @(122.0650 mm, 118.4700 mm): Pad 41_8 [GND] of U1 on F.Cu
[solder_mask_bridge]: Front solder mask aperture bridges items with different nets
    Rule: board setup solder mask min width; error
    @(121.3650 mm, 118.4700 mm): PTH pad 41_17 [<no net>] of U1
    @(122.0650 mm, 118.4700 mm): Pad 41_8 [GND] of U1 on F.Cu
[solder_mask_bridge]: Front solder mask aperture bridges items with different nets
    Rule: board setup solder mask min width; error
    @(121.3650 mm, 118.4700 mm): PTH pad 41_17 [<no net>] of U1
    @(120.6650 mm, 118.4700 mm): Pad 41_9 [GND] of U1 on F.Cu
[solder_mask_bridge]: Front solder mask aperture bridges items with different nets
    Rule: board setup solder mask min width; error
    @(122.7650 mm, 117.0700 mm): PTH pad 41_18 [<no net>] of U1
    @(122.0650 mm, 117.0700 mm): Pad 41_1 [GND] of U1 on F.Cu
[solder_mask_bridge]: Front solder mask aperture bridges items with different nets
    Rule: board setup solder mask min width; error
    @(122.7650 mm, 117.0700 mm): PTH pad 41_18 [<no net>] of U1
    @(123.4650 mm, 117.0700 mm): Pad 41_2 [GND] of U1 on F.Cu
[solder_mask_bridge]: Front solder mask aperture bridges items with different nets
    Rule: board setup solder mask min width; error
    @(121.3650 mm, 117.0700 mm): PTH pad 41_19 [<no net>] of U1
    @(122.0650 mm, 117.0700 mm): Pad 41_1 [GND] of U1 on F.Cu
[solder_mask_bridge]: Front solder mask aperture bridges items with different nets
    Rule: board setup solder mask min width; error
    @(121.3650 mm, 117.0700 mm): PTH pad 41_19 [<no net>] of U1
    @(120.6650 mm, 117.0700 mm): Pad 41_3 [GND] of U1 on F.Cu
[solder_mask_bridge]: Front solder mask aperture bridges items with different nets
    Rule: board setup solder mask min width; error
    @(122.7650 mm, 115.6700 mm): PTH pad 41_20 [<no net>] of U1
    @(123.4650 mm, 115.6700 mm): Pad 41_4 [GND] of U1 on F.Cu
[solder_mask_bridge]: Front solder mask aperture bridges items with different nets
    Rule: board setup solder mask min width; error
    @(122.7650 mm, 115.6700 mm): PTH pad 41_20 [<no net>] of U1
    @(122.0650 mm, 115.6700 mm): Pad 41_5 [GND] of U1 on F.Cu
[solder_mask_bridge]: Front solder mask aperture bridges items with different nets
    Rule: board setup solder mask min width; error
    @(121.3650 mm, 115.6700 mm): PTH pad 41_21 [<no net>] of U1
    @(120.6650 mm, 115.6700 mm): Pad 41_6 [GND] of U1 on F.Cu
[solder_mask_bridge]: Front solder mask aperture bridges items with different nets
    Rule: board setup solder mask min width; error
    @(121.3650 mm, 115.6700 mm): PTH pad 41_21 [<no net>] of U1
    @(122.0650 mm, 115.6700 mm): Pad 41_5 [GND] of U1 on F.Cu
[silk_overlap]: Silkscreen overlap
    Rule: board setup constraints silk; warning
    @(100.7200 mm, 122.3100 mm): PCB Text 'Upper Control Board v1.0 ' on F.Silkscreen
    @(98.7300 mm, 122.3100 mm): PCB Text 'NAME TBD ' on F.Silkscreen

** Found 82 unconnected pads **
[unconnected_items]: Missing connection between items
    Local override; error
    @(126.7950 mm, 67.2300 mm): Pad B12 [GND] of J1 on F.Cu
    @(126.7950 mm, 67.2300 mm): Pad A12 [GND] of J1 on B.Cu
[unconnected_items]: Missing connection between items
    Local override; error
    @(134.7950 mm, 67.2300 mm): Pad B6 [GND] of J1 on F.Cu
    @(134.7950 mm, 67.2300 mm): Pad A6 [GND] of J1 on B.Cu
[unconnected_items]: Missing connection between items
    Local override; error
    @(131.7950 mm, 67.2300 mm): Track [GND] on B.Cu, length 3.5650 mm
    @(130.7950 mm, 67.2300 mm): Track [GND] on F.Cu, length 3.9750 mm
[unconnected_items]: Missing connection between items
    Local override; error
    @(137.7950 mm, 67.2300 mm): Pad A3 [GND] of J1 on B.Cu
    @(136.7950 mm, 67.2300 mm): Pad B4 [GND] of J1 on F.Cu
[unconnected_items]: Missing connection between items
    Local override; error
    @(132.8000 mm, 117.6000 mm): Track [GND] on F.Cu, length 0.2899 mm
    @(132.6750 mm, 115.0800 mm): Track [GND] on F.Cu, length 1.5000 mm
[unconnected_items]: Missing connection between items
    Local override; error
    @(131.4750 mm, 119.0600 mm): Track [GND] on F.Cu, length 4.1700 mm
    @(132.5950 mm, 118.4800 mm): Pad B12 [GND] of J8 on F.Cu
[unconnected_items]: Missing connection between items
    Local override; error
    @(122.0650 mm, 117.0700 mm): Pad 41_1 [GND] of U1 on F.Cu
    @(122.0650 mm, 115.6700 mm): Pad 41_5 [GND] of U1 on F.Cu
[unconnected_items]: Missing connection between items
    Local override; error
    @(122.0650 mm, 115.6700 mm): Pad 41_5 [GND] of U1 on F.Cu
    @(120.6650 mm, 115.6700 mm): Pad 41_6 [GND] of U1 on F.Cu
[unconnected_items]: Missing connection between items
    Local override; error
    @(123.4650 mm, 117.0700 mm): Pad 41_2 [GND] of U1 on F.Cu
    @(123.4650 mm, 118.4700 mm): Pad 41_7 [GND] of U1 on F.Cu
[unconnected_items]: Missing connection between items
    Local override; error
    @(122.0650 mm, 117.0700 mm): Pad 41_1 [GND] of U1 on F.Cu
    @(123.4650 mm, 117.0700 mm): Pad 41_2 [GND] of U1 on F.Cu
[unconnected_items]: Missing connection between items
    Local override; error
    @(120.6650 mm, 118.4700 mm): Pad 41_9 [GND] of U1 on F.Cu
    @(120.6650 mm, 117.0700 mm): Pad 41_3 [GND] of U1 on F.Cu
[unconnected_items]: Missing connection between items
    Local override; error
    @(120.6650 mm, 118.4700 mm): Pad 41_9 [GND] of U1 on F.Cu
    @(122.0650 mm, 118.4700 mm): Pad 41_8 [GND] of U1 on F.Cu
[unconnected_items]: Missing connection between items
    Local override; error
    @(123.4650 mm, 118.4700 mm): Pad 41_7 [GND] of U1 on F.Cu
    @(122.0650 mm, 118.4700 mm): Pad 41_8 [GND] of U1 on F.Cu
[unconnected_items]: Missing connection between items
    Local override; error
    @(123.4650 mm, 115.6700 mm): Pad 41_4 [GND] of U1 on F.Cu
    @(123.4650 mm, 117.0700 mm): Pad 41_2 [GND] of U1 on F.Cu
[unconnected_items]: Missing connection between items
    Local override; error
    @(138.9950 mm, 118.4800 mm): Track [GND] on F.Cu, length 0.5400 mm
    @(139.5200 mm, 116.8050 mm): Track [GND] on F.Cu, length 0.2650 mm
[unconnected_items]: Missing connection between items
    Local override; error
    @(125.9425 mm, 96.4850 mm): Pad 1 [GND] of R32 on F.Cu
    @(125.9300 mm, 94.4325 mm): Pad 1 [GND] of R34 on F.Cu
[unconnected_items]: Missing connection between items
    Local override; error
    @(131.4750 mm, 123.2300 mm): PTH pad S1 [GND] of J8
    @(130.0600 mm, 124.7900 mm): Track [GND] on F.Cu, length 1.0182 mm
[unconnected_items]: Missing connection between items
    Local override; error
    @(142.8000 mm, 113.8875 mm): Track [GND] on F.Cu, length 0.9192 mm
    @(144.1700 mm, 115.6000 mm): Track [GND] on F.Cu, length 0.2121 mm
[unconnected_items]: Missing connection between items
    Local override; error
    @(132.5000 mm, 96.5500 mm): Pad 2 [GND] of U10 on F.Cu
    @(130.3000 mm, 96.7250 mm): Pad 2 [GND] of C17 on F.Cu
[unconnected_items]: Missing connection between items
    Local override; error
    @(154.0000 mm, 98.9400 mm): Pad 3 [GND] of Q1 on F.Cu
    @(153.7700 mm, 96.7000 mm): Track [GND] on F.Cu, length 1.0600 mm
[unconnected_items]: Missing connection between items
    Local override; error
    @(121.8900 mm, 100.6550 mm): Track [GND] on F.Cu, length 6.0000 mm
    @(119.5000 mm, 99.8600 mm): Track [GND] on F.Cu, length 1.1597 mm
[unconnected_items]: Missing connection between items
    Local override; error
    @(132.5000 mm, 96.5500 mm): Track [GND] on F.Cu, length 1.2400 mm
    @(132.4150 mm, 92.9150 mm): Track [GND] on F.Cu, length 6.9150 mm
[unconnected_items]: Missing connection between items
    Local override; error
    @(136.5000 mm, 100.0000 mm): Track [GND] on F.Cu, length 1.1000 mm
    @(133.0100 mm, 100.0000 mm): Track [GND] on F.Cu, length 1.0000 mm
[unconnected_items]: Missing connection between items
    Local override; error
    @(126.5450 mm, 71.5000 mm): Track [GND] on F.Cu, length 0.2828 mm
    @(124.0000 mm, 72.5000 mm): Track [GND] on F.Cu, length 1.0000 mm
[unconnected_items]: Missing connection between items
    Local override; error
    @(141.5000 mm, 110.0000 mm): Track [GND] on F.Cu, length 0.9900 mm
    @(141.4342 mm, 107.4400 mm): Pad 1 [GND] of CR2 on F.Cu
[unconnected_items]: Missing connection between items
    Local override; error
    @(108.9050 mm, 75.9700 mm): Pad 8 [GND] of U2 on F.Cu
    @(111.0000 mm, 73.5000 mm): Track [GND] on F.Cu, length 0.7500 mm
[unconnected_items]: Missing connection between items
    Local override; error
    @(133.6000 mm, 112.4800 mm): Track [GND] on F.Cu, length 3.0600 mm
    @(132.6750 mm, 115.0400 mm): Pad 2 [GND] of C5 on F.Cu
[unconnected_items]: Missing connection between items
    Local override; error
    @(136.6600 mm, 112.4800 mm): Track [GND] on F.Cu, length 0.4796 mm
    @(138.8900 mm, 114.7100 mm): Track [GND] on F.Cu, length 0.6200 mm
[unconnected_items]: Missing connection between items
    Local override; error
    @(138.0500 mm, 98.2750 mm): Pad 2 [GND] of C26 on F.Cu
    @(135.8500 mm, 96.5500 mm): Pad 2 [GND] of U11 on F.Cu
[unconnected_items]: Missing connection between items
    Local override; error
    @(153.7200 mm, 95.5400 mm): Via [GND] on F.Cu - B.Cu
    @(152.5000 mm, 93.0000 mm): Pad 1 [GND] of C21 on F.Cu
[unconnected_items]: Missing connection between items
    Local override; error
    @(111.8150 mm, 124.7900 mm): Pad 40 [GND] of U1 on F.Cu
    @(109.4700 mm, 122.4600 mm): Track [GND] on F.Cu, length 0.7400 mm
[unconnected_items]: Missing connection between items
    Local override; error
    @(133.6000 mm, 112.4800 mm): Track [GND] on F.Cu, length 3.0600 mm
    @(132.3700 mm, 109.8000 mm): Pad 1 [GND] of R7 on F.Cu
[unconnected_items]: Missing connection between items
    Local override; error
    @(129.7950 mm, 67.2300 mm): Pad B11 [GND] of J1 on F.Cu
    @(126.7950 mm, 67.2300 mm): Pad B12 [GND] of J1 on F.Cu
[unconnected_items]: Missing connection between items
    Local override; error
    @(139.7300 mm, 115.0600 mm): Via [GND] on F.Cu - B.Cu
    @(142.1500 mm, 113.2375 mm): Track [GND] on F.Cu, length 0.2375 mm
[unconnected_items]: Missing connection between items
    Local override; error
    @(152.5000 mm, 93.0000 mm): Pad 1 [GND] of C21 on F.Cu
    @(153.0160 mm, 90.0000 mm): Pad 1 [GND] of D8 on F.Cu
[unconnected_items]: Missing connection between items
    Local override; error
    @(133.8200 mm, 79.6150 mm): Track [GND] on F.Cu, length 1.3506 mm
    @(129.0900 mm, 78.6900 mm): Track [GND] on F.Cu, length 1.8000 mm
[unconnected_items]: Missing connection between items
    Local override; error
    @(109.5350 mm, 117.9900 mm): Track [GND] on F.Cu, length 1.0465 mm
    @(106.0500 mm, 121.2000 mm): Track [GND] on F.Cu, length 0.7900 mm
[unconnected_items]: Missing connection between items
    Local override; error
    @(130.3000 mm, 96.7250 mm): Track [GND] on F.Cu, length 2.2769 mm
    @(125.9425 mm, 96.4850 mm): Pad 1 [GND] of R32 on F.Cu
[unconnected_items]: Missing connection between items
    Local override; error
    @(105.6700 mm, 109.7900 mm): Track [GND] on F.Cu, length 1.5400 mm
    @(105.4200 mm, 113.1200 mm): Pad 2 [GND] of CAN on F.Cu
[unconnected_items]: Missing connection between items
    Local override; error
    @(135.8500 mm, 96.5500 mm): Track [GND] on F.Cu, length 1.2400 mm
    @(132.5000 mm, 96.5500 mm): Track [GND] on F.Cu, length 1.2400 mm
[unconnected_items]: Missing connection between items
    Local override; error
    @(113.9325 mm, 94.5150 mm): Track [GND] on F.Cu, length 1.2975 mm
    @(112.0600 mm, 90.9625 mm): Via [GND] on F.Cu - B.Cu
[unconnected_items]: Missing connection between items
    Local override; error
    @(106.0500 mm, 121.2000 mm): Pad 2 [GND] of U9 on F.Cu
    @(109.4700 mm, 122.4600 mm): Pad 2 [GND] of R17 on F.Cu
[unconnected_items]: Missing connection between items
    Local override; error
    @(110.5400 mm, 96.6000 mm): Track [GND] on F.Cu, length 3.0750 mm
    @(112.2575 mm, 101.8675 mm): Track [GND] on F.Cu, length 1.7572 mm
[unconnected_items]: Missing connection between items
    Local override; error
    @(112.0900 mm, 85.4400 mm): Track [GND] on F.Cu, length 5.0000 mm
    @(111.9700 mm, 89.5750 mm): Pad 1 [GND] of C22 on F.Cu
[unconnected_items]: Missing connection between items
    Local override; error
    @(107.6350 mm, 71.0300 mm): Pad 2 [GND] of U2 on F.Cu
    @(111.0000 mm, 73.5000 mm): Pad 1 [GND] of C27 on F.Cu
[unconnected_items]: Missing connection between items
    Local override; error
    @(144.3000 mm, 77.5000 mm): Pad 2 [GND] of C6 on F.Cu
    @(141.2100 mm, 80.6000 mm): Track [GND] on F.Cu, length 3.0100 mm
[unconnected_items]: Missing connection between items
    Local override; error
    @(125.9300 mm, 94.4325 mm): Pad 1 [GND] of R34 on F.Cu
    @(125.9500 mm, 90.0225 mm): Pad 1 [GND] of R38 on F.Cu
[unconnected_items]: Missing connection between items
    Local override; error
    @(136.5000 mm, 100.0000 mm): Track [GND] on F.Cu, length 1.1000 mm
    @(136.2100 mm, 104.4400 mm): Pad 2 [GND] of FAULT on F.Cu
[unconnected_items]: Missing connection between items
    Local override; error
    @(141.2100 mm, 80.6000 mm): Track [GND] on F.Cu, length 3.0100 mm
    @(135.4000 mm, 78.6600 mm): Track [GND] on F.Cu, length 1.8000 mm
[unconnected_items]: Missing connection between items
    Local override; error
    @(109.5350 mm, 116.8400 mm): Pad 2 [GND] of C16 on F.Cu
    @(105.2950 mm, 115.1800 mm): Track [GND] on F.Cu, length 1.9350 mm
[unconnected_items]: Missing connection between items
    Local override; error
    @(120.9400 mm, 94.4800 mm): Track [GND] on F.Cu, length 0.0381 mm
    @(119.5000 mm, 99.8600 mm): Track [GND] on F.Cu, length 1.1597 mm
[unconnected_items]: Missing connection between items
    Local override; error
    @(154.5000 mm, 88.5000 mm): Track [GND] on F.Cu, length 0.1265 mm
    @(153.1100 mm, 83.3900 mm): Track [GND] on F.Cu, length 2.2769 mm
[unconnected_items]: Missing connection between items
    Local override; error
    @(141.3300 mm, 104.4700 mm): Pad 1 [GND] of CR1 on F.Cu
    @(136.2100 mm, 104.4400 mm): Pad 2 [GND] of FAULT on F.Cu
[unconnected_items]: Missing connection between items
    Local override; error
    @(125.2250 mm, 79.6350 mm): Track [GND] on F.Cu, length 0.0071 mm
    @(121.5900 mm, 83.7738 mm): Track [GND] on F.Cu, length 1.6663 mm
[unconnected_items]: Missing connection between items
    Local override; error
    @(125.3100 mm, 79.6350 mm): Track [GND] on F.Cu, length 0.0850 mm
    @(123.3900 mm, 73.8200 mm): Track [GND] on F.Cu, length 0.0141 mm
[unconnected_items]: Missing connection between items
    Local override; error
    @(108.9050 mm, 76.9950 mm): Track [GND] on F.Cu, length 0.9263 mm
    @(107.5900 mm, 83.6800 mm): Track [GND] on F.Cu, length 1.2600 mm
[unconnected_items]: Missing connection between items
    Local override; error
    @(146.8500 mm, 77.4900 mm): Track [GND] on F.Cu, length 0.0141 mm
    @(152.5000 mm, 74.5000 mm): Track [GND] on F.Cu, length 0.0750 mm
[unconnected_items]: Missing connection between items
    Local override; error
    @(111.5000 mm, 103.4500 mm): Pad 2 [GND] of C2 on F.Cu
    @(105.6700 mm, 108.2500 mm): Track [GND] on F.Cu, length 0.1980 mm
[unconnected_items]: Missing connection between items
    Local override; error
    @(123.4650 mm, 118.4700 mm): Pad 41_7 [GND] of U1 on F.Cu
    @(131.4750 mm, 119.0600 mm): Track [GND] on F.Cu, length 4.1700 mm
[unconnected_items]: Missing connection between items
    Local override; error
    @(127.8900 mm, 104.4050 mm): Pad 2 [/ESP Breakout Cirucitry/ESP32_EN] of RESET on F.Cu
    @(132.0500 mm, 112.4800 mm): Pad 1 [/ESP Breakout Cirucitry/ESP32_EN] of C1 on F.Cu
[unconnected_items]: Missing connection between items
    Local override; error
    @(127.5000 mm, 78.0850 mm): Pad 1 [/Power Circuitry/3V3_BP] of C32 on F.Cu
    @(127.2800 mm, 81.4500 mm): Pad 1 [/Power Circuitry/3V3_BP] of VB on F.Cu
[unconnected_items]: Missing connection between items
    Local override; error
    @(135.4000 mm, 79.3100 mm): Pad 3 [/Power Circuitry/3V3_BP] of U14 on F.Cu
    @(139.5000 mm, 76.3000 mm): Track [/Power Circuitry/3V3_BP] on F.Cu, length 0.8000 mm
[unconnected_items]: Missing connection between items
    Local override; error
    @(135.4000 mm, 78.0100 mm): Pad 1 [/Power Circuitry/3V3_USB] of U14 on F.Cu
    @(135.6200 mm, 81.4800 mm): Pad 1 [/Power Circuitry/3V3_USB] of VU on F.Cu
[unconnected_items]: Missing connection between items
    Local override; error
    @(143.4500 mm, 112.1300 mm): Track [/Power Circuitry/3V3_USB] on F.Cu, length 0.5233 mm
    @(137.3200 mm, 112.3500 mm): Pad 1 [/Power Circuitry/3V3_USB] of R13 on F.Cu
[unconnected_items]: Missing connection between items
    Local override; error
    @(135.6200 mm, 81.4800 mm): Pad 1 [/Power Circuitry/3V3_USB] of VU on F.Cu
    @(137.3200 mm, 112.3500 mm): Pad 1 [/Power Circuitry/3V3_USB] of R13 on F.Cu
[unconnected_items]: Missing connection between items
    Local override; error
    @(135.5000 mm, 110.0000 mm): Track [5V_USB] on F.Cu, length 1.9800 mm
    @(130.8300 mm, 112.4400 mm): Pad 2 [5V_USB] of R6 on F.Cu
[unconnected_items]: Missing connection between items
    Local override; error
    @(135.0450 mm, 118.4800 mm): Track [/ESP Breakout Cirucitry/USB_N] on F.Cu, length 1.1150 mm
    @(129.3150 mm, 109.5500 mm): Pad 13 [/ESP Breakout Cirucitry/USB_N] of U1 on F.Cu
[unconnected_items]: Missing connection between items
    Local override; error
    @(136.5400 mm, 117.4100 mm): Track [/ESP Breakout Cirucitry/USB_P] on F.Cu, length 0.7550 mm
    @(129.3150 mm, 108.2800 mm): Pad 14 [/ESP Breakout Cirucitry/USB_P] of U1 on F.Cu
[unconnected_items]: Missing connection between items
    Local override; error
    @(149.5000 mm, 112.0032 mm): Pad 2 [SOL2_RET] of D10 on F.Cu
    @(150.5000 mm, 111.0000 mm): Track [SOL2_RET] on B.Cu, length 1.5000 mm
[unconnected_items]: Missing connection between items
    Local override; error
    @(138.3400 mm, 112.3500 mm): Pad 2 [Net-(U6-FB)] of R13 on F.Cu
    @(142.8000 mm, 113.0000 mm): Pad 2 [Net-(U6-FB)] of U6 on F.Cu
[unconnected_items]: Missing connection between items
    Local override; error
    @(110.5000 mm, 115.9600 mm): Track [GPIO_40] on B.Cu, length 1.2200 mm
    @(111.8150 mm, 115.9000 mm): Pad 33 [GPIO_40] of U1 on F.Cu
[unconnected_items]: Missing connection between items
    Local override; error
    @(113.8975 mm, 93.8300 mm): Track [Net-(U7-CAP)] on F.Cu, length 0.0495 mm
    @(112.4000 mm, 93.7900 mm): Pad 1 [Net-(U7-CAP)] of C25 on F.Cu
[unconnected_items]: Missing connection between items
    Local override; error
    @(152.0000 mm, 117.0000 mm): PTH pad 2 [Net-(J3-Pin_2)] of J3
    @(132.4000 mm, 98.2358 mm): Track [Net-(J3-Pin_2)] on F.Cu, length 1.3542 mm
[unconnected_items]: Missing connection between items
    Local override; error
    @(135.4800 mm, 100.0000 mm): Track [Net-(J4-Pin_2)] on F.Cu, length 0.6647 mm
    @(143.2500 mm, 120.0000 mm): PTH pad 2 [Net-(J4-Pin_2)] of J4
[unconnected_items]: Missing connection between items
    Local override; error
    @(139.6300 mm, 111.8000 mm): PTH pad 2 [/Sensor Circuitry/TC_N] of J7-TC
    @(135.9342 mm, 107.4400 mm): Track [/Sensor Circuitry/TC_N] on F.Cu, length 2.3758 mm
[unconnected_items]: Missing connection between items
    Local override; error
    @(139.6300 mm, 111.8000 mm): PTH pad 2 [/Sensor Circuitry/TC_N] of J7-TC
    @(145.3950 mm, 116.9600 mm): Pad 1 [/Sensor Circuitry/TC_N] of R46 on F.Cu
[unconnected_items]: Missing connection between items
    Local override; error
    @(125.9500 mm, 91.1625 mm): Pad 1 [/Sensor Circuitry/TC_N] of R36 on F.Cu
    @(135.9342 mm, 107.4400 mm): Track [/Sensor Circuitry/TC_N] on F.Cu, length 2.3758 mm
[unconnected_items]: Missing connection between items
    Local override; error
    @(145.3950 mm, 115.3000 mm): Pad 2 [/Sensor Circuitry/TC_P] of R47 on F.Cu
    @(140.8800 mm, 111.8000 mm): PTH pad 1 [/Sensor Circuitry/TC_P] of J7-TC
[unconnected_items]: Missing connection between items
    Local override; error
    @(133.9665 mm, 105.6650 mm): Track [/Sensor Circuitry/TC_P] on F.Cu, length 3.0443 mm
    @(140.8800 mm, 111.8000 mm): PTH pad 1 [/Sensor Circuitry/TC_P] of J7-TC
[unconnected_items]: Missing connection between items
    Local override; error
    @(133.9665 mm, 105.6650 mm): Track [/Sensor Circuitry/TC_P] on F.Cu, length 3.0443 mm
    @(125.9500 mm, 92.2825 mm): Pad 1 [/Sensor Circuitry/TC_P] of R37 on F.Cu
[unconnected_items]: Missing connection between items
    Local override; error
    @(109.7600 mm, 111.6800 mm): Track [GPIO_38] on B.Cu, length 2.5597 mm
    @(111.8150 mm, 113.3600 mm): Pad 31 [GPIO_38] of U1 on F.Cu
[unconnected_items]: Missing connection between items
    Local override; error
    @(143.0500 mm, 105.3500 mm): Pad 1 [Net-(U12-+)] of U12 on F.Cu
    @(146.4800 mm, 107.8800 mm): Track [Net-(U12-+)] on F.Cu, length 0.8400 mm

** Found 0 Footprint errors **

** End of Report **
